Script started on Mon Feb 23 20:45:26 2015
[?1034hbash-3.2$ pwd
/Users/santoshy/dev/learn-ruby/day1_getting_started_with_ruby
bash-3.2$ ls -a
.		..		.log		Note.md		hello_world.rb
bash-3.2$ ca [Kt.[K .log
Script started on Mon Feb 23 20:45:26 2015
bash-3.2$ cat .log
Script started on Mon Feb 23 20:45:26 2015
[?1034hbash-3.2$ pwd
/Users/santoshy/dev/learn-ruby/day1_getting_started_with_ruby
bash-3.2$ ls -a
.		..		.log		Note.md		hello_world.rb
bash-3.2$ ca [Kt.[K .log
Script started on Mon Feb 23 20:45:26 2015
bash-3.2$ bash-3.2$ 
bash-3.2$ clear
[H[2Jbash-3.2$ pwd
/Users/santoshy/dev/learn-ruby/day1_getting_started_with_ruby
bash-3.2$ 
bash-3.2$ l[Kls
Note.md		hello_world.rb
bash-3.2$ vim[K[K[Klspwdclearat .log[3Plear[2Ppwd[1Pls[Kruby -c .[Khello_world.rb 
Syntax OK
bash-3.2$ ruby hello_world.rb
hello world
hello world!I will be in the same line as hello world!
bash-3.2$ ls -a
.		..		.log		Note.md		hello_world.rb
bash-3.2$ cd [K[K[Kirb 
irb(main):001:0> 4+5
=> 9
irb(main):002:0> 1+    3
=> 4
irb(main):003:0> 3*50
=> 150
irb(main):004:0> 45/9
=> 5
irb(main):005:0> 45/9./96/9
=> 5.066666666666666
irb(main):006:0> puts [K[K[K[Kori[K[K[Kprint 123
123=> nil
irb(main):007:0> print 123[K[K[K[K[K[K[K[Kputs 123
123
=> nil
irb(main):008:0> puts 123[K[K[K1 + 2
3
=> nil
irb(main):009:0> puts 1 + 2[K[K[K4=5[K[K+5
9
=> nil
irb(main):010:0> puts 4+54+5[K4+5[K4+5[K4+5[K4+5[K
=> 9
irb(main):011:0> Hello.reverse
NameError: uninitialized constant Hello
	from (irb):11
	from /opt/chefdk/embedded/bin/irb:11:in `<main>'
irb(main):012:0> Hello.reverse[1@".[1@"H
=> "olleH"
irb(main):013:0> quit
bash-3.2$ irb --simple--[Kr[K[K[K[K[K[K[K[K[K[K[K[K[K[Kru[Ki upcom[K[Kase
Nothing known about .upcase
bash-3.2$ ri Sti[Kring
Nothing known about String
bash-3.2$ ri String.upcase
Nothing known about String
bash-3.2$ ri 
.log            Note.md         hello_world.rb  
bash-3.2$ ri 
.log            Note.md         hello_world.rb  
bash-3.2$ ri 

Enter the method name you want to look up.
You can use tab to autocomplete.
Enter a blank line to exit.

>> upd[Kcase
Nothing known about .upcase
>> string.upa[Kcase
Nothing known about string
bash-3.2$ help
GNU bash, version 3.2.53(1)-release (x86_64-apple-darwin14)
These shell commands are defined internally.  Type `help' to see this list.
Type `help name' to find out more about the function `name'.
Use `info bash' to find out more about the shell in general.
Use `man -k' or `info' to find out more about commands not in this list.

A star (*) next to a name means that the command is disabled.

 JOB_SPEC [&]                       (( expression ))
 . filename [arguments]             :
 [ arg... ]                         [[ expression ]]
 alias [-p] [name[=value] ... ]     bg [job_spec ...]
 bind [-lpvsPVS] [-m keymap] [-f fi break [n]
 builtin [shell-builtin [arg ...]]  caller [EXPR]
 case WORD in [PATTERN [| PATTERN]. cd [-L|-P] [dir]
 command [-pVv] command [arg ...]   compgen [-abcdefgjksuv] [-o option
 complete [-abcdefgjksuv] [-pr] [-o continue [n]
 declare [-afFirtx] [-p] [name[=val dirs [-clpv] [+N] [-N]
 disown [-h] [-ar] [jobspec ...]    echo [-neE] [arg ...]
 enable [-pnds] [-a] [-f filename]  eval [arg ...]
 exec [-cl] [-a name] file [redirec exit [n]
 export [-nf] [name[=value] ...] or false
 fc [-e ename] [-nlr] [first] [last fg [job_spec]
 for NAME [in WORDS ... ;] do COMMA for (( exp1; exp2; exp3 )); do COM
 function NAME { COMMANDS ; } or NA getopts optstring name [arg]
 hash [-lr] [-p pathname] [-dt] [na help [-s] [pattern ...]
 history [-c] [-d offset] [n] or hi if COMMANDS; then COMMANDS; [ elif
 jobs [-lnprs] [jobspec ...] or job kill [-s sigspec | -n signum | -si
 let arg [arg ...]                  local name[=value] ...
 logout                             popd [+N | -N] [-n]
 printf [-v var] format [arguments] pushd [dir | +N | -N] [-n]
 pwd [-LP]                          read [-ers] [-u fd] [-t timeout] [
 readonly [-af] [name[=value] ...]  return [n]
 select NAME [in WORDS ... ;] do CO set [--abefhkmnptuvxBCHP] [-o opti
 shift [n]                          shopt [-pqsu] [-o long-option] opt
 source filename [arguments]        suspend [-f]
 test [expr]                        time [-p] PIPELINE
 times                              trap [-lp] [arg signal_spec ...]
 true                               type [-afptP] name [name ...]
 typeset [-afFirtx] [-p] name[=valu ulimit [-SHacdfilmnpqstuvx] [limit
 umask [-p] [-S] [mode]             unalias [-a] name [name ...]
 unset [-f] [-v] [name ...]         until COMMANDS; do COMMANDS; done
 variables - Some variable names an wait [n]
 while COMMANDS; do COMMANDS; done  { COMMANDS ; }
bash-3.2$ q[Kcle[K[K[Kpw[K[Kri Obe[Kject#inspet[Kct
Nothing known about Object#inspect
bash-3.2$ gem install rdoc-data
Fetching: rdoc-data-4.0.1.gemFetching: rdoc-data-4.0.1.gem (  1%)Fetching: rdoc-data-4.0.1.gem (  2%)Fetching: rdoc-data-4.0.1.gem (  3%)Fetching: rdoc-data-4.0.1.gem (  4%)Fetching: rdoc-data-4.0.1.gem (  5%)Fetching: rdoc-data-4.0.1.gem (  6%)Fetching: rdoc-data-4.0.1.gem (  7%)Fetching: rdoc-data-4.0.1.gem (  8%)Fetching: rdoc-data-4.0.1.gem (  9%)Fetching: rdoc-data-4.0.1.gem ( 10%)Fetching: rdoc-data-4.0.1.gem ( 11%)Fetching: rdoc-data-4.0.1.gem ( 12%)Fetching: rdoc-data-4.0.1.gem ( 13%)Fetching: rdoc-data-4.0.1.gem ( 14%)Fetching: rdoc-data-4.0.1.gem ( 15%)Fetching: rdoc-data-4.0.1.gem ( 16%)Fetching: rdoc-data-4.0.1.gem ( 17%)Fetching: rdoc-data-4.0.1.gem ( 18%)Fetching: rdoc-data-4.0.1.gem ( 19%)Fetching: rdoc-data-4.0.1.gem ( 20%)Fetching: rdoc-data-4.0.1.gem ( 21%)Fetching: rdoc-data-4.0.1.gem ( 22%)Fetching: rdoc-data-4.0.1.gem ( 23%)Fetching: rdoc-data-4.0.1.gem ( 24%)Fetching: rdoc-data-4.0.1.gem ( 25%)Fetching: rdoc-data-4.0.1.gem ( 26%)Fetching: rdoc-data-4.0.1.gem ( 27%)Fetching: rdoc-data-4.0.1.gem ( 28%)Fetching: rdoc-data-4.0.1.gem ( 29%)Fetching: rdoc-data-4.0.1.gem ( 30%)Fetching: rdoc-data-4.0.1.gem ( 31%)Fetching: rdoc-data-4.0.1.gem ( 32%)Fetching: rdoc-data-4.0.1.gem ( 33%)Fetching: rdoc-data-4.0.1.gem ( 34%)Fetching: rdoc-data-4.0.1.gem ( 35%)Fetching: rdoc-data-4.0.1.gem ( 36%)Fetching: rdoc-data-4.0.1.gem ( 37%)Fetching: rdoc-data-4.0.1.gem ( 38%)Fetching: rdoc-data-4.0.1.gem ( 39%)Fetching: rdoc-data-4.0.1.gem ( 40%)Fetching: rdoc-data-4.0.1.gem ( 41%)Fetching: rdoc-data-4.0.1.gem ( 42%)Fetching: rdoc-data-4.0.1.gem ( 43%)Fetching: rdoc-data-4.0.1.gem ( 44%)Fetching: rdoc-data-4.0.1.gem ( 45%)Fetching: rdoc-data-4.0.1.gem ( 46%)Fetching: rdoc-data-4.0.1.gem ( 47%)Fetching: rdoc-data-4.0.1.gem ( 48%)Fetching: rdoc-data-4.0.1.gem ( 49%)Fetching: rdoc-data-4.0.1.gem ( 50%)Fetching: rdoc-data-4.0.1.gem ( 51%)Fetching: rdoc-data-4.0.1.gem ( 52%)Fetching: rdoc-data-4.0.1.gem ( 53%)Fetching: rdoc-data-4.0.1.gem ( 54%)Fetching: rdoc-data-4.0.1.gem ( 55%)Fetching: rdoc-data-4.0.1.gem ( 56%)Fetching: rdoc-data-4.0.1.gem ( 57%)Fetching: rdoc-data-4.0.1.gem ( 58%)Fetching: rdoc-data-4.0.1.gem ( 59%)Fetching: rdoc-data-4.0.1.gem ( 60%)Fetching: rdoc-data-4.0.1.gem ( 61%)Fetching: rdoc-data-4.0.1.gem ( 62%)Fetching: rdoc-data-4.0.1.gem ( 63%)Fetching: rdoc-data-4.0.1.gem ( 64%)Fetching: rdoc-data-4.0.1.gem ( 65%)Fetching: rdoc-data-4.0.1.gem ( 66%)Fetching: rdoc-data-4.0.1.gem ( 67%)Fetching: rdoc-data-4.0.1.gem ( 68%)Fetching: rdoc-data-4.0.1.gem ( 69%)Fetching: rdoc-data-4.0.1.gem ( 70%)Fetching: rdoc-data-4.0.1.gem ( 71%)Fetching: rdoc-data-4.0.1.gem ( 72%)Fetching: rdoc-data-4.0.1.gem ( 73%)Fetching: rdoc-data-4.0.1.gem ( 74%)Fetching: rdoc-data-4.0.1.gem ( 75%)Fetching: rdoc-data-4.0.1.gem ( 76%)Fetching: rdoc-data-4.0.1.gem ( 77%)Fetching: rdoc-data-4.0.1.gem ( 78%)Fetching: rdoc-data-4.0.1.gem ( 79%)Fetching: rdoc-data-4.0.1.gem ( 80%)Fetching: rdoc-data-4.0.1.gem ( 81%)Fetching: rdoc-data-4.0.1.gem ( 82%)Fetching: rdoc-data-4.0.1.gem ( 83%)Fetching: rdoc-data-4.0.1.gem ( 84%)Fetching: rdoc-data-4.0.1.gem ( 85%)Fetching: rdoc-data-4.0.1.gem ( 86%)Fetching: rdoc-data-4.0.1.gem ( 87%)Fetching: rdoc-data-4.0.1.gem ( 88%)Fetching: rdoc-data-4.0.1.gem ( 89%)Fetching: rdoc-data-4.0.1.gem ( 90%)Fetching: rdoc-data-4.0.1.gem ( 91%)Fetching: rdoc-data-4.0.1.gem ( 92%)Fetching: rdoc-data-4.0.1.gem ( 93%)Fetching: rdoc-data-4.0.1.gem ( 94%)Fetching: rdoc-data-4.0.1.gem ( 95%)Fetching: rdoc-data-4.0.1.gem ( 96%)Fetching: rdoc-data-4.0.1.gem ( 97%)Fetching: rdoc-data-4.0.1.gem ( 98%)Fetching: rdoc-data-4.0.1.gem ( 99%)Fetching: rdoc-data-4.0.1.gem (100%)Fetching: rdoc-data-4.0.1.gem (100%)
rdoc-data is only required for C ruby 1.8.7 or 1.9.1.

rdoc-data is required for JRuby.

To install ri data for RDoc 4.0+ run:

  rdoc-data --install

Successfully installed rdoc-data-4.0.1
Parsing documentation for rdoc-data-4.0.1
Installing ri documentation for rdoc-data-4.0.1
Done installing documentation for rdoc-data after 0 seconds
1 gem installed
bash-3.2$ irb[K[K[Kri Objext[K[Kct#inspect
Nothing known about Object#inspect
bash-3.2$ ri Object#inspect[K[K[K[K[K[K[K[K[K[K[K[K[K[Kup
[?1049h[?1h=.up not found, maybe you meant:

Bundler#upgrade_lockfile
Bundler::CLI#update
Bundler::Environment#update
[7m(END) [27m[K[K:[K11[K[K[7m(END) [27m[K[K[?1l>[?1049lbash-3.2$ ri[K[Krdoc-data --install
/opt/chefdk/embedded/lib/ruby/site_ruby/2.1.0/rubygems/defaults/operating_system.rb:15: warning: method redefined; discarding old user_dir
/opt/chefdk/embedded/lib/ruby/site_ruby/2.1.0/rubygems/defaults.rb:75: warning: previous definition of user_dir was here
Your ruby version 2.1.4 is not supported, only 1.8.7, 1.9.2, 1.9.3, 2.0.0
bash-3.2$ ri up[K[K[K[K[Kirb
irb(main):001:0> 123.class
=> Fixnum
irb(main):002:0> 123*123([K*123.cal[K[Klass
TypeError: Class can't be coerced into Fixnum
	from (irb):2:in `*'
	from (irb):2
	from /opt/chefdk/embedded/bin/irb:11:in `<main>'
irb(main):003:0> 123*123*123.class[1@).[1@(1
=> Fixnum
irb(main):004:0> (123*123*123).class[1@*)[1@1)[1@2)[1@3)
=> Fixnum
irb(main):005:0> (123*123*123*123).class[1@*)[1@1)[1@2)[1@3)
=> Fixnum
irb(main):006:0> (123*123*123*123*123).class[K[K[K[K[K[K[K[K[K[K[K[K[K[K[K[K[K[K[K[K[K[K[K[K[K[K[Kx=123.[K*123*123*123
=> 228886641
irb(main):007:0> x.class
=> Fixnum
irb(main):008:0> x.class[19G=123*123*123*123*123
=> 28153056843
irb(main):009:0> x=123*123*123*123*123[19G.class[K
=> Fixnum
irb(main):010:0> x.class[19G=123*123*123*123*123*123
=> 3462825991689
irb(main):011:0> x=123*123*123*123*123*123[19G.class[K
=> Fixnum
irb(main):012:0> x.class[19G=123*123*123*123*123*123*123
=> 425927596977747
irb(main):013:0> x=123*123*123*123*123*123*123[19G.class[K
=> Fixnum
irb(main):014:0> x.class[19G=123*123*123*123*123*123*123*123
=> 52389094428262881
irb(main):015:0> x=123*123*123*123*123*123*123*123[19G.class[K
=> Fixnum
irb(main):016:0> x=1234*1234*1234
=> 1879080904
irb(main):017:0> x.clas
NoMethodError: undefined method `clas' for 1879080904:Fixnum
	from (irb):17
	from /opt/chefdk/embedded/bin/irb:11:in `<main>'
irb(main):018:0> x.class
=> Fixnum
irb(main):019:0> x.class[K[K[K[K[K[K[Kdfaf[K[K[K[K3432535243524.[K[K[K[K[K[K[K[K[K[K[K[K[K[K1879080904.ck[Klass
=> Fixnum
irb(main):020:0> 1879080904.class[1@0.[1@0.[1@0.[1@0.[1@0.
=> Fixnum
irb(main):021:0> 187908090400000.class000[K[K[K[1@0.[1@0.[1@0.[1@0.[1@0.
=> Bignum
irb(main):022:0> 18790809040000000000.class[33G[5P.[39G[28G[5P.[34G[18G[9Px[25G[K[19G=1234*1234*1234*1234*1234*1234
=> 3530945043777457216
irb(main):023:0> x=1234*1234*1234*1234*1234*1234[18G18790809040000000000.class[K[33G[5P.[39G[28G[5P.[34G[18G[9Px[25G
=> Fixnum
irb(main):024:0> x.class[19G=1234*1234*1234*1234*1234*1234*123456
=> 435916351324589758058496
irb(main):025:0> x=1234*1234*1234*1234*1234*1234*123456[19G.class[K
=> Bignum
irb(main):026:0> hello
NameError: undefined local variable or method `hello' for main:Object
	from (irb):26
	from /opt/chefdk/embedded/bin/irb:11:in `<main>'
irb(main):027:0> 'hello'
=> "hello"
irb(main):028:0> target='hello'
=> "hello"
irb(main):029:0> e[Ktarget
=> "hello"
irb(main):030:0> ge[K[K'[Ktarget + 'world'
=> "helloworld"
irb(main):031:0> target + 'world''[1@'w'[1@'w[Pw[1@ '[1@"'[P''[1@'w[1@ '[1@+'[1@ '
=> "hello world"
irb(main):032:0> print "hello\n"
hello
=> nil
irb(main):033:0> print "hello\n"[P [P [P [P [P [1@p [1@u [1@t [1@s 
hello
=> nil
irb(main):034:0> puts "target value is hello"
target value is hello
=> nil
irb(main):035:0> puts "target value is hello"[1@{t[1@#{{target[1@} 
hello value is hello
=> nil
irb(main):036:0> puts "#{target} value is hello"[18G[Kx
=> 435916351324589758058496
irb(main):037:0> xputs "#{target} value is hello"[P}[P}[P}[P}[P}[P}[1@x}
435916351324589758058496 value is hello
=> nil
irb(main):038:0> puts "#{x} value is hello"[P [P [P [P [1@x 
x value is hello
=> nil
irb(main):039:0> hello[K[K[K[K[K"hello".uppercase
NoMethodError: undefined method `uppercase' for "hello":String
	from (irb):39
	from /opt/chefdk/embedded/bin/irb:11:in `<main>'
irb(main):040:0> "hello".uppercase[K[K[K[K[K[K[K[K[Kcapital[K[Kl[Kalize
=> "Hello"
irb(main):041:0> "hello".capitalize[K[K[K[K[K[K[K[K[K[Kreverse
=> "olleh"
irb(main):042:0> "hello".reverse[K[K[K[K[K[K[Kdowncase
=> "hello"
irb(main):043:0> "hello".downcase[K[K[K[K[K[K[K[Kupcase
=> "HELLO"
irb(main):044:0> "hello".upcase[K[K[K[K[K[Klenght[K[Kth
=> 5
irb(main):045:0> "hello".length[K[K[K[K[K[Kreverse.upcase
=> "OLLEH"
irb(main):046:0> "hello".reverse.upcase.lent[Kgth[K[K[K[K[K[Kdowncase
=> "olleh"
irb(main):047:0> data_set=nil
=> nil
irb(main):048:0> data_set.class
=> NilClass
irb(main):049:0> irb[K[K[Khash = {'first_name'=>'hello',"sec"=>'hello'}
=> {"first_name"=>"hello", "sec"=>"hello"}
irb(main):050:0> hah[Ksh[first_name]]
NameError: undefined local variable or method `first_name' for main:Object
	from (irb):50
	from /opt/chefdk/embedded/bin/irb:11:in `<main>'
irb(main):051:0> hash[first_name]e"][1@"f
=> "hello"
irb(main):052:0> hash["first_name"]"][K'][Pf[1@'f
=> "hello"
irb(main):053:0> hash['first_name']][K][K][K][K][K][K][K][K][K][K][Ks]e]c]']]
=> "hello"
irb(main):054:0> :test
=> :test
irb(main):055:0> :this_test
=> :this_test
irb(main):056:0> "test".object_id
=> 70128272583920
irb(main):057:0> "test".object_id[18G:this_test[K[20Gest[K.object_id
=> 196968
irb(main):058:0> :test.object_id[18G[1@"test"[34G
=> 70128272518360
irb(main):059:0> "test".object_id[18G[P:test[33G
=> 196968
irb(main):060:0> :test.object_id[18G[1@"test"[34G
=> 70128272483320
irb(main):061:0> "test".object_id[18G[P:test[33G
=> 196968
irb(main):062:0> x ==[K[K=1
=> 1
irb(main):063:0> x == 1
=> true
irb(main):064:0> true.class
=> TrueClass
irb(main):065:0> fals.[Ke.class
=> FalseClass
irb(main):066:0> x!= 1
=> false
irb(main):067:0> x< 3
=> true
irb(main):068:0> x>3
=> false
irb(main):069:0> !x
=> false
irb(main):070:0> !y
NameError: undefined local variable or method `y' for main:Object
	from (irb):70
	from /opt/chefdk/embedded/bin/irb:11:in `<main>'
irb(main):071:0> ya[K=false
=> false
irb(main):072:0> !y
=> true
irb(main):073:0> !yy=false[1@'ffalse'
=> "false"
irb(main):074:0> y='false'[18G!y[K
=> false
irb(main):075:0> !yy[K
=> "false"
irb(main):076:0> y[K1< 3 && 3> 2
=> true
irb(main):077:0> 1< 3 && 3> 2 && 4<100
=> true
irb(main):078:0> 1< 3 && 3> 2 && 4<100100[K>100
=> false
irb(main):079:0> 1< 3 && 3> 2 && 4>100[P [P [1@} [P [1@| [1@| 
=> true
irb(main):080:0> 1< 3 && 3> 2 || 4>100[31G&&[39G[31G||[39G[31G&&[39G<100
=> true
irb(main):081:0> 1< 3 && 3> 2 && 4<100 2 &&[P [P [1@| [1@| [P [P [1@| [1@| 
=> true
irb(main):082:0> 1< 3 || 3> 2 || 4<100[P  [1@ 2[1@< 
=> true
irb(main):083:0> 1< 3 || 3 < 2 || 4<100[K[K[K[K[K[K[K
=> true
irb(main):084:0> x.nil?
=> false
irb(main):085:0> 1..10
=> 1..10
irb(main):086:0> test -1 [K=1[K[K[K=1
=> 1
irb(main):087:0> test[K[K[K[KTEST -[K=1
=> 1
irb(main):088:0> test
=> 1
irb(main):089:0> TEST
=> 1
irb(main):090:0> test -1[K[K=100
=> 100
irb(main):091:0> test
=> 100
irb(main):092:0> TEST =20
(irb):92: warning: already initialized constant TEST
(irb):87: warning: previous definition of TEST was here
=> 20
irb(main):093:0> H[KTest [K[K[K[Ktes[K[K[KTEST
=> 20
irb(main):094:0> Hello =3
=> 3
irb(main):095:0> Hello =2
(irb):95: warning: already initialized constant Hello
(irb):94: warning: previous definition of Hello was here
=> 2
irb(main):096:0> Hello =2
(irb):96: warning: already initialized constant Hello
(irb):95: warning: previous definition of Hello was here
=> 2
irb(main):097:0> Hello =2
(irb):97: warning: already initialized constant Hello
(irb):96: warning: previous definition of Hello was here
=> 2
irb(main):098:0> Hello =2
(irb):98: warning: already initialized constant Hello
(irb):97: warning: previous definition of Hello was here
=> 2
irb(main):099:0> name [K[K[K[Kx =1[K[K[Knamd [Ke = 'santosh'
=> "santosh"
irb(main):100:0> if name =='[K 'santosh'
irb(main):101:1> puts ' santosh'
irb(main):102:1> else
irb(main):103:1* puts ' mantosh'
irb(main):104:1> end
 santosh
=> nil
irb(main):105:0> endputs ' mantosh'[18Gelse[Kputs ' santosh'[18G[5@if name == '[38G[18G[3P[23G[P[34G[18G[3@if [26G[1@=[38G[Pa[1@ma
irb(main):106:1> if name == 'mantosh'[18Gend[Kputs ' mantosh'[18Gelse[Kputs ' santosh'
irb(main):107:1> puts ' santosh'[18G[5@if name == 'm[38G[18Gend[Kputs ' mantosh'[18Gelse[K
irb(main):108:1* elseputs ' santosh'[18G[5@if name == 'm[38G[18Gend[Kputs ' mantosh'
irb(main):109:1> puts ' mantosh'[18Gelse[Kputs ' santosh'[18G[5@if name == 'm[38G[18Gend[K
 mantosh
=> nil
irb(main):110:0> puts ' this is cavin ' if name == 'santosh'
 this is cavin 
=> nil
irb(main):111:0> puts ' this is cavin ' if name == 'santosh'[Pa[1@ma
=> nil
irb(main):112:0> 